<!DOCTYPE html><html><head><title>$ command line ruby cheat sheets</title><link charset="utf-8" href="/style.css" media="screen" rel="stylesheet" type="text/css" /></head><body><div class="main"><div class="header"><h1><a href="/">cheat sheets.</a></h1><code class="header">$ command line ruby cheat sheets</code></div></div><div class="content"><pre>Listing the Packages that are Available for Your System
$ dpkg -l ‘*emacs*’

Listing the Packages that are Available and uninstalled
$ dpkg -l ‘*emacs*’ | grep ‘^un’

List contents of a package
$ dpkg -L emacs21

Determining What Package Provides an Existing File 
$ dpkg --search /usr/bin/ar  # which package provides the /usr/bin/ar archiving utility:

Determining What Package Provides a Missing File
$ ls -l /usr/lib/*power*
   -&gt; ls: /usr/lib/*power*: No such file or directory
$ apt-file search libpowersave.so
   -&gt;libpowersave-dev: usr/lib/libpowersave.so</pre></div><div class="clear"></div><div class="footer">Powered by <a href="http://www.sinatrarb.com/">Sinatra</a>,
<a href="http://puma.io/">Puma</a> and, to a lesser extent,
<a href="http://errtheblog.com/">Err the Blog</a>.</div></body></html>