<!DOCTYPE html><html><head><title>$ command line ruby cheat sheets</title><link charset="utf-8" href="/style.css" media="screen" rel="stylesheet" type="text/css" /></head><body><div class="main"><div class="header"><h1><a href="/">cheat sheets.</a></h1><code class="header">$ command line ruby cheat sheets</code></div></div><div class="content"><pre>Some quick &amp; dirty notifications (for OS X):

For more info: http://www.elctech.com/2007/12/21/notify-me-when-done

$ cmd; say &quot;Don't care how it finished, but it did&quot;
$ cmd &amp;&amp; say &quot;Success!&quot;
$ (cmd &amp;&amp; say &quot;Success&quot;) || say &quot;Failed&quot;

Example:
$ mysql app_dev &lt; dump.sql &amp;&amp; say &quot;Finished importing&quot;


Quicksilver:
$ cmd; osascript -e 'tell application &quot;Quicksilver&quot; to show large type &quot;Finished!&quot;'

Growl:
$ cmd; growlnotify -s -m &quot;Done&quot;

Note: If you are using Leopard, there's a bug with growlnotify as of version 1.1.2 (*fixed in 1.1.3) that prevents growlnotify from working consistently. However, there's an easy workaround.

    * Open up the Growl preference pane and select the Network tab.
    * Click to enable &quot;Listen for incoming notifications&quot;.
    * Now when you run growlnotify, add the &quot;-H localhost&quot; option.

$ cmd &amp;&amp; growlnotify -s -H localhost -m &quot;Success&quot;

If you are using wmii, you can have it change your tag when it is done

$ cmd &amp;&amp; wmiir xwrite /lbar/tagname &quot;*tagname&quot;

GTK+:
$ cmd; zenity --info --text=&quot;Done&quot;

If you like bash then

$ alias mysay=&quot;xargs -I {} bash -c 'zenity --info --text=\&quot;{}\&quot;' &lt;&lt;&lt;&quot;
$ cmd; mysay &quot;done and dusted&quot;</pre></div><div class="clear"></div><div class="footer">Powered by <a href="http://www.sinatrarb.com/">Sinatra</a>,
<a href="http://puma.io/">Puma</a> and, to a lesser extent,
<a href="http://errtheblog.com/">Err the Blog</a>.</div></body></html>